........................................................................ [  5%]
............................................................F........... [ 10%]
........................................................................ [ 15%]
........................................................................ [ 21%]
........................................................................ [ 26%]
........................................................................ [ 31%]
........................................................................ [ 36%]
........................................................................ [ 42%]
........................................................................ [ 47%]
........................................................................ [ 52%]
........................................................................ [ 57%]
........................................................................ [ 63%]
........................................................................ [ 68%]
........................................................................ [ 73%]
........................................................................ [ 78%]
........................................................................ [ 84%]
........................................................................ [ 89%]
........................................................................ [ 94%]
........................................................................ [100%]
================================== FAILURES ===================================
________ test_corrupted_audit_record_cannot_leave_a_stale_passed_graph ________

material = (WindowsPath('C:/Users/24831/AppData/Local/Temp/pytest-of-24831/pytest-330/test_corrupted_audit_record_ca0/skill'), Wi...son'), WindowsPath('C:/Users/24831/AppData/Local/Temp/pytest-of-24831/pytest-330/test_corrupted_audit_record_ca0/run'))

    def test_corrupted_audit_record_cannot_leave_a_stale_passed_graph(material):
        source, seed, directory = material
        audit = Client([answer])
        passed = runner.refine_skill(source, run_dir=directory, initial_analysis=seed, audit_client=audit)
        assert passed["status"] == "audit_passed"
        assert (directory / "passed-cfg.json").exists()
>       assert runner.replay_run(directory) == passed

packages\skill-ir\tests\test_feedback_regressions.py:163: 
_ _ _ _ _ _ _ _ _ _ _ _ _ _ _ _ _ _ _ _ _ _ _ _ _ _ _ _ _ _ _ _ _ _ _ _ _ _ _ _
packages\skill-ir\src\skill_ir\feedback\runner.py:472: in replay_run
    return refine_skill(None, run_dir=run_dir, config=manifest["config"], replay=True,
packages\skill-ir\src\skill_ir\feedback\runner.py:462: in refine_skill
    manifest = _verify(directory, source, initial_analysis, limits, config, renderer, replay)
_ _ _ _ _ _ _ _ _ _ _ _ _ _ _ _ _ _ _ _ _ _ _ _ _ _ _ _ _ _ _ _ _ _ _ _ _ _ _ _

directory = WindowsPath('C:/Users/24831/AppData/Local/Temp/pytest-of-24831/pytest-330/test_corrupted_audit_record_ca0/run')
source = None, initial_analysis = None
limits = FeedbackLimits(max_semantic_revisions=3, max_structural_repairs=3, max_audit_execution_retries=2)
config = {'audit': {}, 'extraction': {}}, renderer = None, replay = True

    def _verify(directory, source, initial_analysis, limits, config, renderer, replay):
        manifest = read_json(directory / "manifest.json")
        if manifest.get("schema_version") != 4 or manifest.get("identity") != IDENTITY:
            raise RunIdentityError("Unsupported feedback run version; single-audit records are not feedback runs")
        unsigned = deepcopy(manifest)
        digest = unsigned.pop("manifest_sha256", None)
        if canonical_sha256(unsigned) != digest:
            raise RunIdentityError("Feedback manifest digest mismatch")
        if manifest["limits"] != limits.model_dump() or manifest["config"] != config:
            raise RunIdentityError("Feedback configuration changed; use a new run")
        if any(manifest.get(key) != value for key, value in contract_binding().items()):
            raise RunIdentityError("Semantic contract identity changed; use a new run")
        if manifest["policy"].get("audit_execution_retry") != AUDIT_RETRY_POLICY:
            raise RunIdentityError("Audit execution retry policy changed; use a new run")
        if manifest["implementation"] != implementation_provenance():
>           raise RunIdentityError("Implementation identity changed; refusing continuation or reinterpretation")
E           skill_ir.feedback.runner.RunIdentityError: Implementation identity changed; refusing continuation or reinterpretation

packages\skill-ir\src\skill_ir\feedback\runner.py:122: RunIdentityError
- generated xml file: D:\projects\SkillFlow\tmp\abstract-runtime-v1-verification\remaining-regressions.xml -
=========================== short test summary info ===========================
FAILED packages/skill-ir/tests/test_feedback_regressions.py::test_corrupted_audit_record_cannot_leave_a_stale_passed_graph
1 failed, 1367 passed in 413.41s (0:06:53)
