001：第 0 轮 extraction 调用 1：开始
001：第 0 轮 extraction 调用 1：响应已保存
001：第 0 轮 audit 调用 1：开始
001：第 0 轮 audit 调用 1：响应已保存
001：第 1 轮 extraction 调用 1：开始
001：第 1 轮 extraction 调用 1：响应已保存
001：第 1 轮 audit 调用 1：开始
001：第 1 轮 audit 调用 1：响应已保存
001：第 2 轮 extraction 调用 1：开始
001：第 2 轮 extraction 调用 1：响应已保存
001：第 2 轮 extraction 调用 2：开始
001：第 2 轮 extraction 调用 2：响应已保存
001：第 2 轮 audit 调用 1：开始
001：第 2 轮 audit 调用 1：响应已保存
001：开始第 2 轮 CFG 的唯一标注；反馈状态 audit_passed
001：开始整图安全标注（唯一逻辑调用）
001：complete：标注及符号传播说明完整；结构、操作覆盖与证据定位校验通过。
001 execution failure: can only concatenate str (not "NoneType") to str
010：第 0 轮 extraction 调用 1：开始
010：第 0 轮 extraction 调用 1：响应已保存
010：第 0 轮 audit 调用 1：开始
010：第 0 轮 audit 调用 1：响应已保存
010：开始第 0 轮 CFG 的唯一标注；反馈状态 audit_passed
010：开始整图安全标注（唯一逻辑调用）
010：complete：标注及符号传播说明完整；结构、操作覆盖与证据定位校验通过。
010 propagation complete
013：第 0 轮 extraction 调用 1：开始
013：第 0 轮 extraction 调用 1：响应已保存
013：第 0 轮 audit 调用 1：开始
013：第 0 轮 audit 调用 1：响应已保存
013：开始第 0 轮 CFG 的唯一标注；反馈状态 audit_passed
013：开始整图安全标注（唯一逻辑调用）
013：complete：标注及符号传播说明完整；结构、操作覆盖与证据定位校验通过。
013 propagation complete
logical calls: 14 ; annotation calls: 3
