[start] skill=D:/projects/SkillFlow/results/clawhub-top-k10000/corpus-src\00011_admapix_1.0.29  exists=True
[phase] run_pipeline   =    10.22s
--- t=   12.0s ---
--- t=   24.1s ---
    expand_label_flow                  cnt=       1906  tot=   11.36s  avg= 5959.40us
    apply_label_flow_filter            cnt=      96408  tot=    5.98s  avg=   62.05us
    compute_cycle_closure              cnt=        438  tot=    5.45s  avg=12450.07us
    emit_flows_for_label_at_edge       cnt=      13044  tot=    4.15s  avg=  317.80us
    register_label_flow                cnt=      18911  tot=    1.12s  avg=   59.06us
    _apply_action_steps_at_node        cnt=       1936  tot=    1.09s  avg=  562.77us
    create_child_label_flow            cnt=      18416  tot=    1.03s  avg=   56.16us
    _merge_flow_into_representative    cnt=      13244  tot=    0.52s  avg=   39.24us
    classify_route_state               cnt=      15106  tot=    0.41s  avg=   27.14us
    record_cycle_periodic_observations cnt=        442  tot=    0.17s  avg=  386.12us
    build_flow_state_key               cnt=      19182  tot=    0.10s  avg=    5.31us
    _record_sink_observations_for_arrived cnt=       5860  tot=    0.10s  avg=   16.45us
    _materialize_filter_events         cnt=      13232  tot=    0.06s  avg=    4.57us
    _prioritize_edges                  cnt=       1921  tot=    0.04s  avg=   19.38us
    _build_route_event                 cnt=      15144  tot=    0.03s  avg=    2.25us
    ancestor_path                      cnt=      15144  tot=    0.01s  avg=    0.79us
    _maybe_create_merge_relationships  cnt=       1979  tot=    0.00s  avg=    1.95us
    _record_storage_write              cnt=        208  tot=    0.00s  avg=   16.59us
--- t=   36.3s ---
    expand_label_flow                  cnt=       4797  tot=   23.55s  avg= 4910.08us
    apply_label_flow_filter            cnt=     218301  tot=   12.19s  avg=   55.85us
    compute_cycle_closure              cnt=        956  tot=   11.91s  avg=12456.23us
    emit_flows_for_label_at_edge       cnt=      26516  tot=    8.03s  avg=  302.90us
    register_label_flow                cnt=      37316  tot=    2.50s  avg=   66.95us
    _apply_action_steps_at_node        cnt=       4798  tot=    2.02s  avg=  421.83us
    create_child_label_flow            cnt=      36692  tot=    2.00s  avg=   54.46us
    _merge_flow_into_representative    cnt=      28504  tot=    1.41s  avg=   49.59us
    classify_route_state               cnt=      31816  tot=    0.82s  avg=   25.65us
    record_cycle_periodic_observations cnt=       1069  tot=    0.40s  avg=  373.06us
    _record_sink_observations_for_arrived cnt=       8812  tot=    0.25s  avg=   28.34us
    build_flow_state_key               cnt=      37319  tot=    0.19s  avg=    5.18us
    _materialize_filter_events         cnt=      26519  tot=    0.11s  avg=    4.32us
    _prioritize_edges                  cnt=       4652  tot=    0.08s  avg=   16.89us
    _build_route_event                 cnt=      31828  tot=    0.07s  avg=    2.18us
    ancestor_path                      cnt=      31828  tot=    0.02s  avg=    0.75us
    _record_storage_write              cnt=       1037  tot=    0.02s  avg=   14.94us
    _maybe_create_merge_relationships  cnt=       4799  tot=    0.01s  avg=    2.16us
--- t=   48.3s ---
    expand_label_flow                  cnt=       7997  tot=   35.58s  avg= 4449.77us
    compute_cycle_closure              cnt=       1651  tot=   18.53s  avg=11223.49us
    apply_label_flow_filter            cnt=     338945  tot=   18.50s  avg=   54.59us
    emit_flows_for_label_at_edge       cnt=      39329  tot=   11.74s  avg=  298.44us
    register_label_flow                cnt=      54816  tot=    3.67s  avg=   66.89us
    create_child_label_flow            cnt=      54194  tot=    3.15s  avg=   58.05us
    _apply_action_steps_at_node        cnt=       8032  tot=    3.00s  avg=  373.37us
    _merge_flow_into_representative    cnt=      41039  tot=    2.08s  avg=   50.62us
    classify_route_state               cnt=      49050  tot=    1.22s  avg=   24.96us
    record_cycle_periodic_observations cnt=       1811  tot=    0.54s  avg=  296.76us
    _record_sink_observations_for_arrived cnt=      13808  tot=    0.32s  avg=   23.26us
    build_flow_state_key               cnt=      54888  tot=    0.29s  avg=    5.32us
    _materialize_filter_events         cnt=      39412  tot=    0.17s  avg=    4.24us
    _prioritize_edges                  cnt=       7720  tot=    0.12s  avg=   15.91us
    _build_route_event                 cnt=      49077  tot=    0.11s  avg=    2.16us
    ancestor_path                      cnt=      49089  tot=    0.04s  avg=    0.74us
    _record_storage_write              cnt=       2017  tot=    0.03s  avg=   14.74us
    _maybe_create_merge_relationships  cnt=       8062  tot=    0.02s  avg=    2.60us
--- t=   60.5s ---
    expand_label_flow                  cnt=      10851  tot=   47.77s  avg= 4402.55us
    apply_label_flow_filter            cnt=     426301  tot=   23.48s  avg=   55.07us
    compute_cycle_closure              cnt=       2379  tot=   22.91s  avg= 9628.86us
    emit_flows_for_label_at_edge       cnt=      53156  tot=   17.56s  avg=  330.26us
    register_label_flow                cnt=      78417  tot=    5.93s  avg=   75.68us
    create_child_label_flow            cnt=      77863  tot=    4.77s  avg=   61.20us
    _apply_action_steps_at_node        cnt=      10859  tot=    4.15s  avg=  382.48us
    _merge_flow_into_representative    cnt=      61557  tot=    3.69s  avg=   60.00us
    classify_route_state               cnt=      67285  tot=    1.70s  avg=   25.27us
    record_cycle_periodic_observations cnt=       2558  tot=    0.65s  avg=  253.73us
    build_flow_state_key               cnt=      78561  tot=    0.42s  avg=    5.34us
    _record_sink_observations_for_arrived cnt=      17003  tot=    0.37s  avg=   22.04us
    _materialize_filter_events         cnt=      53407  tot=    0.24s  avg=    4.44us
    _prioritize_edges                  cnt=      10411  tot=    0.17s  avg=   16.40us
    _build_route_event                 cnt=      67367  tot=    0.15s  avg=    2.22us
    ancestor_path                      cnt=      67367  tot=    0.05s  avg=    0.75us
    _record_storage_write              cnt=       2463  tot=    0.04s  avg=   14.98us
    _maybe_create_merge_relationships  cnt=      10873  tot=    0.03s  avg=    3.06us
--- t=   72.6s ---
    expand_label_flow                  cnt=      14152  tot=   59.83s  avg= 4227.45us
    apply_label_flow_filter            cnt=     541743  tot=   29.40s  avg=   54.28us
    compute_cycle_closure              cnt=       2928  tot=   28.86s  avg= 9855.77us
    emit_flows_for_label_at_edge       cnt=      66183  tot=   21.74s  avg=  328.42us
    register_label_flow                cnt=      97977  tot=    7.46s  avg=   76.16us
    create_child_label_flow            cnt=      97353  tot=    5.87s  avg=   60.25us
    _apply_action_steps_at_node        cnt=      14153  tot=    5.28s  avg=  373.31us
    _merge_flow_into_representative    cnt=      76748  tot=    4.42s  avg=   57.62us
    classify_route_state               cnt=      85346  tot=    2.13s  avg=   24.94us
    record_cycle_periodic_observations cnt=       3317  tot=    0.78s  avg=  236.52us
    build_flow_state_key               cnt=      97977  tot=    0.52s  avg=    5.31us
    _record_sink_observations_for_arrived cnt=      21229  tot=    0.44s  avg=   20.71us
    _materialize_filter_events         cnt=      66183  tot=    0.29s  avg=    4.41us
    _prioritize_edges                  cnt=      13565  tot=    0.22s  avg=   15.90us
    _build_route_event                 cnt=      85346  tot=    0.19s  avg=    2.20us
    ancestor_path                      cnt=      85346  tot=    0.06s  avg=    0.73us
    _record_storage_write              cnt=       3369  tot=    0.05s  avg=   14.93us
    _maybe_create_merge_relationships  cnt=      14153  tot=    0.05s  avg=    3.19us
--- t=   84.7s ---
    expand_label_flow                  cnt=      16428  tot=   71.91s  avg= 4377.15us
    apply_label_flow_filter            cnt=     663996  tot=   35.71s  avg=   53.79us
    compute_cycle_closure              cnt=       3355  tot=   35.54s  avg=10593.08us
    emit_flows_for_label_at_edge       cnt=      76244  tot=   25.61s  avg=  335.93us
    register_label_flow                cnt=     114198  tot=    9.02s  avg=   79.00us
    create_child_label_flow            cnt=     113574  tot=    6.89s  avg=   60.64us
    _apply_action_steps_at_node        cnt=      16429  tot=    6.16s  avg=  375.13us
    _merge_flow_into_representative    cnt=      90649  tot=    5.24s  avg=   57.80us
    classify_route_state               cnt=      99954  tot=    2.48s  avg=   24.77us
    build_flow_state_key               cnt=     114198  tot=    0.91s  avg=    7.96us
    record_cycle_periodic_observations cnt=       3894  tot=    0.90s  avg=  230.75us
    _record_sink_observations_for_arrived cnt=      23549  tot=    0.48s  avg=   20.31us
    _materialize_filter_events         cnt=      76244  tot=    0.34s  avg=    4.41us
    _prioritize_edges                  cnt=      15772  tot=    0.25s  avg=   15.97us
    _build_route_event                 cnt=      99954  tot=    0.22s  avg=    2.18us
    ancestor_path                      cnt=      99954  tot=    0.07s  avg=    0.72us
    _record_storage_write              cnt=       3891  tot=    0.06s  avg=   15.05us
    _maybe_create_merge_relationships  cnt=      16429  tot=    0.06s  avg=    3.41us
--- t=   96.7s ---
    expand_label_flow                  cnt=      19851  tot=   83.95s  avg= 4228.89us
    apply_label_flow_filter            cnt=     744774  tot=   40.44s  avg=   54.30us
    compute_cycle_closure              cnt=       3764  tot=   39.43s  avg=10474.37us
    emit_flows_for_label_at_edge       cnt=      92050  tot=   31.36s  avg=  340.70us
    register_label_flow                cnt=     140177  tot=   10.69s  avg=   76.24us
    create_child_label_flow            cnt=     139553  tot=    8.89s  avg=   63.74us
    _apply_action_steps_at_node        cnt=      19856  tot=    7.60s  avg=  382.68us
    _merge_flow_into_representative    cnt=     113474  tot=    6.20s  avg=   54.64us
    classify_route_state               cnt=     121703  tot=    3.02s  avg=   24.84us
    record_cycle_periodic_observations cnt=       4799  tot=    1.05s  avg=  219.44us
    build_flow_state_key               cnt=     140314  tot=    1.05s  avg=    7.45us
    _record_sink_observations_for_arrived cnt=      26723  tot=    0.53s  avg=   19.75us
    _materialize_filter_events         cnt=      92188  tot=    0.41s  avg=    4.44us
    _prioritize_edges                  cnt=      19136  tot=    0.31s  avg=   16.01us
    _build_route_event                 cnt=     121917  tot=    0.27s  avg=    2.18us
    ancestor_path                      cnt=     121930  tot=    0.09s  avg=    0.73us
    _record_storage_write              cnt=       4658  tot=    0.07s  avg=   15.21us
    _maybe_create_merge_relationships  cnt=      19906  tot=    0.07s  avg=    3.47us
--- t=  108.9s ---
    expand_label_flow                  cnt=      22870  tot=   96.09s  avg= 4201.64us
    apply_label_flow_filter            cnt=     833347  tot=   45.43s  avg=   54.52us
    compute_cycle_closure              cnt=       4206  tot=   43.79s  avg=10411.51us
    emit_flows_for_label_at_edge       cnt=     106609  tot=   36.98s  avg=  346.85us
    register_label_flow                cnt=     164807  tot=   12.81s  avg=   77.71us
    create_child_label_flow            cnt=     164187  tot=   10.45s  avg=   63.66us
    _apply_action_steps_at_node        cnt=      22874  tot=    8.86s  avg=  387.52us
    _merge_flow_into_representative    cnt=     135420  tot=    7.66s  avg=   56.54us
    classify_route_state               cnt=     141738  tot=    3.53s  avg=   24.91us
    record_cycle_periodic_observations cnt=       5588  tot=    1.19s  avg=  213.71us
    build_flow_state_key               cnt=     164831  tot=    1.17s  avg=    7.12us
    _record_sink_observations_for_arrived cnt=      29411  tot=    0.57s  avg=   19.32us
    _materialize_filter_events         cnt=     106627  tot=    0.48s  avg=    4.48us
    _prioritize_edges                  cnt=      22068  tot=    0.36s  avg=   16.13us
    _build_route_event                 cnt=     141738  tot=    0.31s  avg=    2.18us
    ancestor_path                      cnt=     141738  tot=    0.10s  avg=    0.74us
    _maybe_create_merge_relationships  cnt=      22874  tot=    0.08s  avg=    3.64us
    _record_storage_write              cnt=       5300  tot=    0.08s  avg=   15.25us
--- t=  121.0s ---
    expand_label_flow                  cnt=      25326  tot=  108.14s  avg= 4269.73us
    apply_label_flow_filter            cnt=     926284  tot=   50.65s  avg=   54.68us
    compute_cycle_closure              cnt=       4598  tot=   48.75s  avg=10601.94us
    emit_flows_for_label_at_edge       cnt=     118652  tot=   42.22s  avg=  355.82us
    register_label_flow                cnt=     185469  tot=   14.51s  avg=   78.25us
    create_child_label_flow            cnt=     184845  tot=   12.34s  avg=   66.78us
    _apply_action_steps_at_node        cnt=      25332  tot=    9.94s  avg=  392.53us
    _merge_flow_into_representative    cnt=     154481  tot=    8.81s  avg=   57.03us
    classify_route_state               cnt=     158739  tot=    3.96s  avg=   24.92us
    record_cycle_periodic_observations cnt=       6294  tot=    1.33s  avg=  210.66us
    build_flow_state_key               cnt=     185510  tot=    1.28s  avg=    6.90us
    _record_sink_observations_for_arrived cnt=      31004  tot=    0.59s  avg=   19.19us
    _materialize_filter_events         cnt=     118677  tot=    0.54s  avg=    4.51us
    _prioritize_edges                  cnt=      24485  tot=    0.40s  avg=   16.29us
    _build_route_event                 cnt=     158775  tot=    0.35s  avg=    2.18us
    ancestor_path                      cnt=     158845  tot=    0.12s  avg=    0.74us
    _maybe_create_merge_relationships  cnt=      25361  tot=    0.10s  avg=    3.75us
    _record_storage_write              cnt=       5787  tot=    0.09s  avg=   15.28us
--- t=  133.2s ---
    expand_label_flow                  cnt=      28306  tot=  120.27s  avg= 4248.99us
    apply_label_flow_filter            cnt=    1001592  tot=   55.33s  avg=   55.24us
    compute_cycle_closure              cnt=       4919  tot=   52.54s  avg=10680.20us
    emit_flows_for_label_at_edge       cnt=     133138  tot=   48.26s  avg=  362.49us
    register_label_flow                cnt=     210863  tot=   16.68s  avg=   79.12us
    create_child_label_flow            cnt=     210243  tot=   14.11s  avg=   67.13us
    _apply_action_steps_at_node        cnt=      28319  tot=   11.32s  avg=  399.68us
    _merge_flow_into_representative    cnt=     177381  tot=   10.27s  avg=   57.87us
    classify_route_state               cnt=     179074  tot=    4.48s  avg=   25.00us
    record_cycle_periodic_observations cnt=       7101  tot=    1.47s  avg=  206.43us
    build_flow_state_key               cnt=     210896  tot=    1.42s  avg=    6.73us
    _record_sink_observations_for_arrived cnt=      33501  tot=    0.64s  avg=   18.99us
    _materialize_filter_events         cnt=     133155  tot=    0.61s  avg=    4.56us
    _prioritize_edges                  cnt=      27426  tot=    0.45s  avg=   16.47us
    _build_route_event                 cnt=     179130  tot=    0.39s  avg=    2.19us
    ancestor_path                      cnt=     179160  tot=    0.13s  avg=    0.75us
    _maybe_create_merge_relationships  cnt=      28325  tot=    0.11s  avg=    3.93us
    _record_storage_write              cnt=       6240  tot=    0.10s  avg=   15.63us
--- t=  145.3s ---
    expand_label_flow                  cnt=      30878  tot=  132.39s  avg= 4287.41us
    apply_label_flow_filter            cnt=    1104834  tot=   60.93s  avg=   55.15us
    compute_cycle_closure              cnt=       5411  tot=   58.17s  avg=10750.11us
    emit_flows_for_label_at_edge       cnt=     144049  tot=   52.35s  avg=  363.39us
    register_label_flow                cnt=     228507  tot=   18.07s  avg=   79.10us
    create_child_label_flow            cnt=     227887  tot=   15.36s  avg=   67.41us
    _apply_action_steps_at_node        cnt=      30882  tot=   12.92s  avg=  418.47us
    _merge_flow_into_representative    cnt=     193097  tot=   11.16s  avg=   57.78us
    classify_route_state               cnt=     195027  tot=    4.88s  avg=   25.03us
    record_cycle_periodic_observations cnt=       7811  tot=    1.60s  avg=  205.41us
    build_flow_state_key               cnt=     228574  tot=    1.52s  avg=    6.66us
    _record_sink_observations_for_arrived cnt=      35477  tot=    0.67s  avg=   18.85us
    _materialize_filter_events         cnt=     144086  tot=    0.66s  avg=    4.57us
    _prioritize_edges                  cnt=      29929  tot=    0.49s  avg=   16.43us
    _build_route_event                 cnt=     195027  tot=    0.43s  avg=    2.18us
    ancestor_path                      cnt=     195027  tot=    0.15s  avg=    0.75us
    _maybe_create_merge_relationships  cnt=      30882  tot=    0.13s  avg=    4.08us
    _record_storage_write              cnt=       6840  tot=    0.11s  avg=   15.71us
--- t=  157.3s ---
    expand_label_flow                  cnt=      33830  tot=  144.37s  avg= 4267.51us
    apply_label_flow_filter            cnt=    1183485  tot=   65.61s  avg=   55.44us
    compute_cycle_closure              cnt=       5691  tot=   61.96s  avg=10887.25us
    emit_flows_for_label_at_edge       cnt=     158450  tot=   58.29s  avg=  367.89us
    register_label_flow                cnt=     253372  tot=   20.24s  avg=   79.90us
    create_child_label_flow            cnt=     252748  tot=   17.10s  avg=   67.66us
    _apply_action_steps_at_node        cnt=      33831  tot=   14.23s  avg=  420.69us
    _merge_flow_into_representative    cnt=     215656  tot=   12.63s  avg=   58.55us
    classify_route_state               cnt=     215644  tot=    5.39s  avg=   25.01us
    record_cycle_periodic_observations cnt=       8638  tot=    1.75s  avg=  203.04us
    build_flow_state_key               cnt=     253372  tot=    1.66s  avg=    6.57us
    _materialize_filter_events         cnt=     158450  tot=    0.73s  avg=    4.59us
    _record_sink_observations_for_arrived cnt=      37716  tot=    0.71s  avg=   18.84us
    _prioritize_edges                  cnt=      32830  tot=    0.54s  avg=   16.56us
    _build_route_event                 cnt=     215644  tot=    0.47s  avg=    2.19us
    ancestor_path                      cnt=     215644  tot=    0.16s  avg=    0.75us
    _maybe_create_merge_relationships  cnt=      33831  tot=    0.14s  avg=    4.15us
    _record_storage_write              cnt=       7388  tot=    0.12s  avg=   15.74us
--- t=  169.4s ---
    expand_label_flow                  cnt=      36144  tot=  156.42s  avg= 4327.60us
    apply_label_flow_filter            cnt=    1279201  tot=   70.80s  avg=   55.35us
    compute_cycle_closure              cnt=       6212  tot=   67.06s  avg=10795.11us
    emit_flows_for_label_at_edge       cnt=     169157  tot=   63.55s  avg=  375.66us
    register_label_flow                cnt=     272118  tot=   22.00s  avg=   80.85us
    create_child_label_flow            cnt=     271495  tot=   19.10s  avg=   70.36us
    _apply_action_steps_at_node        cnt=      36148  tot=   15.23s  avg=  421.38us
    _merge_flow_into_representative    cnt=     233140  tot=   13.87s  avg=   59.49us
    classify_route_state               cnt=     230813  tot=    5.78s  avg=   25.02us
    record_cycle_periodic_observations cnt=       9282  tot=    1.87s  avg=  201.51us
    build_flow_state_key               cnt=     272118  tot=    1.76s  avg=    6.48us
    _materialize_filter_events         cnt=     169159  tot=    0.78s  avg=    4.61us
    _record_sink_observations_for_arrived cnt=      38978  tot=    0.73s  avg=   18.74us
    _prioritize_edges                  cnt=      35095  tot=    0.58s  avg=   16.61us
    _build_route_event                 cnt=     230813  tot=    0.50s  avg=    2.19us
    ancestor_path                      cnt=     230831  tot=    0.17s  avg=    0.75us
    _maybe_create_merge_relationships  cnt=      36152  tot=    0.15s  avg=    4.26us
    _record_storage_write              cnt=       7797  tot=    0.12s  avg=   15.90us
--- t=  181.4s ---
    expand_label_flow                  cnt=      38326  tot=  168.45s  avg= 4395.07us
    apply_label_flow_filter            cnt=    1367503  tot=   76.26s  avg=   55.76us
    compute_cycle_closure              cnt=       6437  tot=   72.20s  avg=11215.83us
    emit_flows_for_label_at_edge       cnt=     179837  tot=   68.58s  avg=  381.36us
    register_label_flow                cnt=     291337  tot=   23.88s  avg=   81.95us
    create_child_label_flow            cnt=     290713  tot=   20.56s  avg=   70.73us
    _apply_action_steps_at_node        cnt=      38356  tot=   16.41s  avg=  427.80us
    _merge_flow_into_representative    cnt=     251520  tot=   15.17s  avg=   60.33us
    classify_route_state               cnt=     246881  tot=    6.21s  avg=   25.14us
    record_cycle_periodic_observations cnt=       9940  tot=    2.01s  avg=  202.14us
    build_flow_state_key               cnt=     291557  tot=    1.88s  avg=    6.44us
    _materialize_filter_events         cnt=     179995  tot=    0.84s  avg=    4.66us
    _record_sink_observations_for_arrived cnt=      39957  tot=    0.75s  avg=   18.71us
    _prioritize_edges                  cnt=      37313  tot=    0.63s  avg=   16.87us
    _build_route_event                 cnt=     246900  tot=    0.54s  avg=    2.20us
    ancestor_path                      cnt=     246900  tot=    0.19s  avg=    0.75us
    _maybe_create_merge_relationships  cnt=      38379  tot=    0.17s  avg=    4.51us
    _record_storage_write              cnt=       8111  tot=    0.13s  avg=   16.11us
--- t=  193.7s ---
    expand_label_flow                  cnt=      40740  tot=  180.55s  avg= 4431.71us
    apply_label_flow_filter            cnt=    1443339  tot=   81.26s  avg=   56.30us
    compute_cycle_closure              cnt=       6754  tot=   76.49s  avg=11325.58us
    emit_flows_for_label_at_edge       cnt=     190952  tot=   74.17s  avg=  388.41us
    register_label_flow                cnt=     311491  tot=   25.94s  avg=   83.27us
    create_child_label_flow            cnt=     310867  tot=   22.22s  avg=   71.48us
    _apply_action_steps_at_node        cnt=      40741  tot=   17.68s  avg=  433.98us
    _merge_flow_into_representative    cnt=     270205  tot=   16.60s  avg=   61.43us
    classify_route_state               cnt=     262716  tot=    6.65s  avg=   25.30us
    record_cycle_periodic_observations cnt=      10599  tot=    2.14s  avg=  201.69us
    build_flow_state_key               cnt=     311493  tot=    2.00s  avg=    6.42us
    _materialize_filter_events         cnt=     190954  tot=    0.90s  avg=    4.73us
    _record_sink_observations_for_arrived cnt=      41290  tot=    0.77s  avg=   18.72us
    _prioritize_edges                  cnt=      39671  tot=    0.67s  avg=   17.00us
    _build_route_event                 cnt=     262761  tot=    0.58s  avg=    2.21us
    ancestor_path                      cnt=     262761  tot=    0.20s  avg=    0.76us
    _maybe_create_merge_relationships  cnt=      40748  tot=    0.20s  avg=    4.80us
    _record_storage_write              cnt=       8396  tot=    0.14s  avg=   16.17us
--- t=  206.5s ---
    expand_label_flow                  cnt=      42713  tot=  193.35s  avg= 4526.70us
    apply_label_flow_filter            cnt=    1559152  tot=   87.49s  avg=   56.11us
    compute_cycle_closure              cnt=       7061  tot=   83.21s  avg=11785.15us
    emit_flows_for_label_at_edge       cnt=     199459  tot=   78.50s  avg=  393.56us
    register_label_flow                cnt=     325545  tot=   27.24s  avg=   83.66us
    create_child_label_flow            cnt=     323305  tot=   24.11s  avg=   74.58us
    _apply_action_steps_at_node        cnt=      42732  tot=   18.76s  avg=  439.08us
    _merge_flow_into_representative    cnt=     281367  tot=   17.46s  avg=   62.05us
    classify_route_state               cnt=     275531  tot=    6.98s  avg=   25.32us
    record_cycle_periodic_observations cnt=      11150  tot=    2.33s  avg=  208.82us
    build_flow_state_key               cnt=     325910  tot=    2.08s  avg=    6.40us
    _materialize_filter_events         cnt=     199825  tot=    0.94s  avg=    4.73us
    _record_sink_observations_for_arrived cnt=      43454  tot=    0.81s  avg=   18.58us
    _prioritize_edges                  cnt=      41554  tot=    0.71s  avg=   17.05us
    _build_route_event                 cnt=     276087  tot=    0.61s  avg=    2.21us
    _maybe_create_merge_relationships  cnt=      42807  tot=    0.22s  avg=    5.03us
    ancestor_path                      cnt=     276148  tot=    0.21s  avg=    0.77us
    _process_pending_storage_reads     cnt=          1  tot=    0.18s  avg=181158.70us
    _record_storage_write              cnt=       8630  tot=    0.14s  avg=   16.25us
--- t=  218.8s ---
    expand_label_flow                  cnt=      45674  tot=  205.60s  avg= 4501.47us
    apply_label_flow_filter            cnt=    1668441  tot=   93.16s  avg=   55.84us
    compute_cycle_closure              cnt=       7550  tot=   88.37s  avg=11704.24us
    emit_flows_for_label_at_edge       cnt=     217714  tot=   83.43s  avg=  383.22us
    register_label_flow                cnt=     351616  tot=   28.80s  avg=   81.90us
    create_child_label_flow            cnt=     349376  tot=   25.50s  avg=   73.00us
    _apply_action_steps_at_node        cnt=      45680  tot=   20.09s  avg=  439.76us
    _merge_flow_into_representative    cnt=     301376  tot=   18.34s  avg=   60.87us
    classify_route_state               cnt=     296107  tot=    7.48s  avg=   25.26us
    record_cycle_periodic_observations cnt=      11650  tot=    2.43s  avg=  208.45us
    build_flow_state_key               cnt=     351616  tot=    2.20s  avg=    6.27us
    _materialize_filter_events         cnt=     217714  tot=    1.01s  avg=    4.65us
    _record_sink_observations_for_arrived cnt=      49257  tot=    0.88s  avg=   17.92us
    _prioritize_edges                  cnt=      44369  tot=    0.75s  avg=   16.96us
    _build_route_event                 cnt=     296132  tot=    0.65s  avg=    2.19us
    ancestor_path                      cnt=     296132  tot=    0.23s  avg=    0.76us
    _maybe_create_merge_relationships  cnt=      45682  tot=    0.22s  avg=    4.84us
    _process_pending_storage_reads     cnt=          1  tot=    0.18s  avg=181158.70us
    _record_storage_write              cnt=       9291  tot=    0.15s  avg=   16.13us
--- t=  230.9s ---
    expand_label_flow                  cnt=      48254  tot=  217.67s  avg= 4510.90us
    apply_label_flow_filter            cnt=    1815146  tot=  100.06s  avg=   55.12us
    compute_cycle_closure              cnt=       8149  tot=   96.03s  avg=11784.61us
    emit_flows_for_label_at_edge       cnt=     229212  tot=   86.46s  avg=  377.22us
    register_label_flow                cnt=     366360  tot=   29.78s  avg=   81.28us
    create_child_label_flow            cnt=     364120  tot=   26.43s  avg=   72.59us
    _apply_action_steps_at_node        cnt=      48256  tot=   20.81s  avg=  431.26us
    _merge_flow_into_representative    cnt=     312353  tot=   18.92s  avg=   60.56us
    classify_route_state               cnt=     311818  tot=    7.84s  avg=   25.13us
    record_cycle_periodic_observations cnt=      12322  tot=    2.56s  avg=  208.06us
    build_flow_state_key               cnt=     366360  tot=    2.28s  avg=    6.22us
    _materialize_filter_events         cnt=     229212  tot=    1.05s  avg=    4.59us
    _record_sink_observations_for_arrived cnt=      53024  tot=    0.94s  avg=   17.77us
    _prioritize_edges                  cnt=      46842  tot=    0.79s  avg=   16.85us
    _build_route_event                 cnt=     311818  tot=    0.68s  avg=    2.17us
    ancestor_path                      cnt=     311818  tot=    0.24s  avg=    0.75us
    _maybe_create_merge_relationships  cnt=      48256  tot=    0.23s  avg=    4.71us
    _process_pending_storage_reads     cnt=          1  tot=    0.18s  avg=181158.70us
    _record_storage_write              cnt=      10060  tot=    0.16s  avg=   16.10us
--- t=  243.0s ---
    expand_label_flow                  cnt=      51029  tot=  229.71s  avg= 4501.53us
    apply_label_flow_filter            cnt=    1905615  tot=  105.72s  avg=   55.48us
    compute_cycle_closure              cnt=       8765  tot=  101.39s  avg=11567.72us
    emit_flows_for_label_at_edge       cnt=     241614  tot=   91.34s  avg=  378.05us
    register_label_flow                cnt=     386303  tot=   31.98s  avg=   82.78us
    create_child_label_flow            cnt=     384063  tot=   27.59s  avg=   71.85us
    _apply_action_steps_at_node        cnt=      51030  tot=   21.85s  avg=  428.13us
    _merge_flow_into_representative    cnt=     329802  tot=   20.58s  avg=   62.40us
    classify_route_state               cnt=     328658  tot=    8.25s  avg=   25.10us
    record_cycle_periodic_observations cnt=      13047  tot=    2.68s  avg=  205.13us
    build_flow_state_key               cnt=     386303  tot=    2.39s  avg=    6.19us
    _materialize_filter_events         cnt=     241614  tot=    1.11s  avg=    4.58us
    _record_sink_observations_for_arrived cnt=      55518  tot=    0.98s  avg=   17.60us
    _prioritize_edges                  cnt=      49514  tot=    0.83s  avg=   16.76us
    _build_route_event                 cnt=     328658  tot=    0.71s  avg=    2.16us
    ancestor_path                      cnt=     328658  tot=    0.25s  avg=    0.75us
    _maybe_create_merge_relationships  cnt=      51030  tot=    0.24s  avg=    4.63us
    _process_pending_storage_reads     cnt=          1  tot=    0.18s  avg=181158.70us
    _record_storage_write              cnt=      10705  tot=    0.17s  avg=   16.02us
--- t=  255.0s ---
    expand_label_flow                  cnt=      53912  tot=  241.74s  avg= 4484.04us
    apply_label_flow_filter            cnt=    2013844  tot=  111.25s  avg=   55.24us
    compute_cycle_closure              cnt=       9467  tot=  106.75s  avg=11275.49us
    emit_flows_for_label_at_edge       cnt=     254985  tot=   96.18s  avg=  377.20us
    register_label_flow                cnt=     408546  tot=   33.69s  avg=   82.47us
    create_child_label_flow            cnt=     406306  tot=   29.03s  avg=   71.46us
    _apply_action_steps_at_node        cnt=      53933  tot=   22.93s  avg=  425.16us
    _merge_flow_into_representative    cnt=     349764  tot=   21.71s  avg=   62.08us
    classify_route_state               cnt=     346869  tot=    8.70s  avg=   25.07us
    record_cycle_periodic_observations cnt=      13840  tot=    2.81s  avg=  202.78us
    build_flow_state_key               cnt=     408636  tot=    2.51s  avg=    6.14us
    _materialize_filter_events         cnt=     255180  tot=    1.17s  avg=    4.58us
    _record_sink_observations_for_arrived cnt=      57802  tot=    1.01s  avg=   17.55us
    _prioritize_edges                  cnt=      52366  tot=    0.87s  avg=   16.70us
    _build_route_event                 cnt=     347103  tot=    0.75s  avg=    2.16us
    ancestor_path                      cnt=     347144  tot=    0.26s  avg=    0.75us
    _maybe_create_merge_relationships  cnt=      53957  tot=    0.25s  avg=    4.59us
    _record_storage_write              cnt=      11402  tot=    0.18s  avg=   16.01us
    _process_pending_storage_reads     cnt=          1  tot=    0.18s  avg=181158.70us
--- t=  267.3s ---
    expand_label_flow                  cnt=      56568  tot=  254.05s  avg= 4491.00us
    apply_label_flow_filter            cnt=    2120062  tot=  116.78s  avg=   55.08us
    compute_cycle_closure              cnt=       9950  tot=  111.98s  avg=11254.09us
    emit_flows_for_label_at_edge       cnt=     268214  tot=  101.43s  avg=  378.17us
    register_label_flow                cnt=     431184  tot=   35.85s  avg=   83.15us
    create_child_label_flow            cnt=     428948  tot=   30.37s  avg=   70.80us
    _apply_action_steps_at_node        cnt=      56582  tot=   24.04s  avg=  424.81us
    _merge_flow_into_representative    cnt=     370064  tot=   23.29s  avg=   62.94us
    classify_route_state               cnt=     365424  tot=    9.15s  avg=   25.03us
    record_cycle_periodic_observations cnt=      14587  tot=    2.92s  avg=  200.48us
    build_flow_state_key               cnt=     431203  tot=    2.62s  avg=    6.08us
    _materialize_filter_events         cnt=     268223  tot=    1.23s  avg=    4.58us
    _record_sink_observations_for_arrived cnt=      60156  tot=    1.05s  avg=   17.45us
    _prioritize_edges                  cnt=      54937  tot=    0.92s  avg=   16.72us
    _build_route_event                 cnt=     365424  tot=    0.79s  avg=    2.15us
    ancestor_path                      cnt=     365443  tot=    0.27s  avg=    0.74us
    _maybe_create_merge_relationships  cnt=      56590  tot=    0.26s  avg=    4.58us
    _record_storage_write              cnt=      11882  tot=    0.19s  avg=   15.95us
    _process_pending_storage_reads     cnt=          1  tot=    0.18s  avg=181158.70us
--- t=  279.5s ---
    expand_label_flow                  cnt=      59100  tot=  266.21s  avg= 4504.37us
    apply_label_flow_filter            cnt=    2228865  tot=  122.37s  avg=   54.90us
    compute_cycle_closure              cnt=      10422  tot=  117.19s  avg=11244.76us
    emit_flows_for_label_at_edge       cnt=     281433  tot=  106.40s  avg=  378.07us
    register_label_flow                cnt=     454459  tot=   37.65s  avg=   82.84us
    create_child_label_flow            cnt=     452229  tot=   31.82s  avg=   70.37us
    _apply_action_steps_at_node        cnt=      59106  tot=   25.16s  avg=  425.69us
    _merge_flow_into_representative    cnt=     391633  tot=   24.51s  avg=   62.57us
    classify_route_state               cnt=     384153  tot=    9.59s  avg=   24.95us
    record_cycle_periodic_observations cnt=      15333  tot=    3.05s  avg=  198.64us
    build_flow_state_key               cnt=     454491  tot=    2.73s  avg=    6.01us
    _materialize_filter_events         cnt=     281451  tot=    1.29s  avg=    4.58us
    _record_sink_observations_for_arrived cnt=      61875  tot=    1.07s  avg=   17.37us
    _prioritize_edges                  cnt=      57425  tot=    0.96s  avg=   16.71us
    _build_route_event                 cnt=     384153  tot=    0.82s  avg=    2.14us
    ancestor_path                      cnt=     384153  tot=    0.28s  avg=    0.74us
    _maybe_create_merge_relationships  cnt=      59106  tot=    0.27s  avg=    4.59us
    _record_storage_write              cnt=      12274  tot=    0.20s  avg=   15.93us
    _process_pending_storage_reads     cnt=          1  tot=    0.18s  avg=181158.70us
--- t=  291.6s ---
    expand_label_flow                  cnt=      61623  tot=  278.26s  avg= 4515.57us
    apply_label_flow_filter            cnt=    2304845  tot=  126.61s  avg=   54.93us
    compute_cycle_closure              cnt=      10697  tot=  120.88s  avg=11300.53us
    emit_flows_for_label_at_edge       cnt=     293721  tot=  112.99s  avg=  384.69us
    register_label_flow                cnt=     475568  tot=   40.00s  avg=   84.11us
    create_child_label_flow            cnt=     473338  tot=   34.41s  avg=   72.69us
    _merge_flow_into_representative    cnt=     410859  tot=   26.30s  avg=   64.02us
    _apply_action_steps_at_node        cnt=      61632  tot=   26.19s  avg=  424.99us
    classify_route_state               cnt=     401552  tot=   10.01s  avg=   24.92us
    record_cycle_periodic_observations cnt=      16012  tot=    3.16s  avg=  197.58us
    build_flow_state_key               cnt=     475689  tot=    2.85s  avg=    5.99us
    _materialize_filter_events         cnt=     293774  tot=    1.34s  avg=    4.58us
    _record_sink_observations_for_arrived cnt=      63736  tot=    1.11s  avg=   17.36us
    _prioritize_edges                  cnt=      59890  tot=    1.00s  avg=   16.70us
    _build_route_event                 cnt=     401552  tot=    0.86s  avg=    2.14us
    ancestor_path                      cnt=     401552  tot=    0.30s  avg=    0.74us
    _maybe_create_merge_relationships  cnt=      61632  tot=    0.28s  avg=    4.57us
    _record_storage_write              cnt=      12732  tot=    0.20s  avg=   15.93us
    _process_pending_storage_reads     cnt=          1  tot=    0.18s  avg=181158.70us
--- t=  303.7s ---
    expand_label_flow                  cnt=      64293  tot=  290.38s  avg= 4516.44us
    apply_label_flow_filter            cnt=    2406655  tot=  132.02s  avg=   54.85us
    compute_cycle_closure              cnt=      11118  tot=  126.05s  avg=11337.36us
    emit_flows_for_label_at_edge       cnt=     305869  tot=  117.99s  avg=  385.75us
    register_label_flow                cnt=     496145  tot=   42.00s  avg=   84.66us
    create_child_label_flow            cnt=     493905  tot=   35.81s  avg=   72.50us
    _merge_flow_into_representative    cnt=     429893  tot=   27.77s  avg=   64.59us
    _apply_action_steps_at_node        cnt=      64294  tot=   27.29s  avg=  424.48us
    classify_route_state               cnt=     419372  tot=   10.43s  avg=   24.87us
    record_cycle_periodic_observations cnt=      16751  tot=    3.30s  avg=  196.90us
    build_flow_state_key               cnt=     496145  tot=    2.96s  avg=    5.96us
    _materialize_filter_events         cnt=     305869  tot=    1.40s  avg=    4.58us
    _record_sink_observations_for_arrived cnt=      65269  tot=    1.13s  avg=   17.35us
    _prioritize_edges                  cnt=      62508  tot=    1.04s  avg=   16.69us
    _build_route_event                 cnt=     419372  tot=    0.90s  avg=    2.14us
    ancestor_path                      cnt=     419372  tot=    0.31s  avg=    0.74us
    _maybe_create_merge_relationships  cnt=      64294  tot=    0.29s  avg=    4.58us
    _record_storage_write              cnt=      13264  tot=    0.21s  avg=   16.04us
    _process_pending_storage_reads     cnt=          1  tot=    0.18s  avg=181158.70us
--- t=  315.7s ---
    expand_label_flow                  cnt=      66463  tot=  302.32s  avg= 4548.71us
    apply_label_flow_filter            cnt=    2497252  tot=  136.96s  avg=   54.85us
    compute_cycle_closure              cnt=      11563  tot=  130.52s  avg=11287.54us
    emit_flows_for_label_at_edge       cnt=     317517  tot=  123.67s  avg=  389.50us
    register_label_flow                cnt=     517424  tot=   44.50s  avg=   86.00us
    create_child_label_flow            cnt=     515184  tot=   37.34s  avg=   72.48us
    _merge_flow_into_representative    cnt=     450111  tot=   29.70s  avg=   65.99us
    _apply_action_steps_at_node        cnt=      66465  tot=   28.32s  avg=  426.12us
    classify_route_state               cnt=     436072  tot=   10.85s  avg=   24.89us
    record_cycle_periodic_observations cnt=      17481  tot=    3.42s  avg=  195.49us
    build_flow_state_key               cnt=     517478  tot=    3.07s  avg=    5.94us
    _materialize_filter_events         cnt=     317544  tot=    1.46s  avg=    4.59us
    _record_sink_observations_for_arrived cnt=      66384  tot=    1.15s  avg=   17.38us
    _prioritize_edges                  cnt=      64662  tot=    1.09s  avg=   16.81us
    _build_route_event                 cnt=     436072  tot=    0.93s  avg=    2.14us
    ancestor_path                      cnt=     436121  tot=    0.32s  avg=    0.74us
    _maybe_create_merge_relationships  cnt=      66468  tot=    0.31s  avg=    4.62us
    _record_storage_write              cnt=      13521  tot=    0.22s  avg=   16.03us
    _process_pending_storage_reads     cnt=          1  tot=    0.18s  avg=181158.70us
--- t=  327.8s ---
    expand_label_flow                  cnt=      68439  tot=  314.48s  avg= 4595.08us
    apply_label_flow_filter            cnt=    2597357  tot=  142.32s  avg=   54.80us
    compute_cycle_closure              cnt=      11850  tot=  135.79s  avg=11458.65us
    emit_flows_for_label_at_edge       cnt=     328299  tot=  128.91s  avg=  392.67us
    register_label_flow                cnt=     536638  tot=   46.80s  avg=   87.20us
    create_child_label_flow            cnt=     534398  tot=   38.78s  avg=   72.56us
    _merge_flow_into_representative    cnt=     468134  tot=   31.50s  avg=   67.28us
    _apply_action_steps_at_node        cnt=      68455  tot=   29.30s  avg=  428.05us
    classify_route_state               cnt=     451892  tot=   11.24s  avg=   24.87us
    record_cycle_periodic_observations cnt=      18079  tot=    3.53s  avg=  195.27us
    build_flow_state_key               cnt=     536645  tot=    3.17s  avg=    5.91us
    _materialize_filter_events         cnt=     328302  tot=    1.51s  avg=    4.60us
    _record_sink_observations_for_arrived cnt=      67521  tot=    1.17s  avg=   17.38us
    _prioritize_edges                  cnt=      66647  tot=    1.12s  avg=   16.88us
    _build_route_event                 cnt=     451892  tot=    0.97s  avg=    2.14us
    ancestor_path                      cnt=     451911  tot=    0.33s  avg=    0.74us
    _maybe_create_merge_relationships  cnt=      68457  tot=    0.32s  avg=    4.71us
    _record_storage_write              cnt=      13764  tot=    0.22s  avg=   16.03us
    _process_pending_storage_reads     cnt=          1  tot=    0.18s  avg=181158.70us
[phase] build_fcg_json =   323.78s
[phase] TOTAL          =   334.00s

=== FINAL (inclusive) ===
  expand_label_flow                  cnt=      68527  tot=  314.70s  avg= 4592.33us
  apply_label_flow_filter            cnt=    2597832  tot=  142.36s  avg=   54.80us
  compute_cycle_closure              cnt=      11851  tot=  135.80s  avg=11458.65us
  emit_flows_for_label_at_edge       cnt=     328574  tot=  129.04s  avg=  392.73us
  register_label_flow                cnt=     537146  tot=   46.85s  avg=   87.22us
  create_child_label_flow            cnt=     534906  tot=   38.81s  avg=   72.56us
  _merge_flow_into_representative    cnt=     468619  tot=   31.54s  avg=   67.31us
  _apply_action_steps_at_node        cnt=      68527  tot=   29.33s  avg=  428.05us
  classify_route_state               cnt=     452300  tot=   11.25s  avg=   24.86us
  record_cycle_periodic_observations cnt=      18093  tot=    3.53s  avg=  195.28us
  build_flow_state_key               cnt=     537146  tot=    3.18s  avg=    5.91us
  _materialize_filter_events         cnt=     328574  tot=    1.51s  avg=    4.60us
  _record_sink_observations_for_arrived cnt=      67544  tot=    1.17s  avg=   17.38us
  _prioritize_edges                  cnt=      66719  tot=    1.13s  avg=   16.87us
  _build_route_event                 cnt=     452300  tot=    0.97s  avg=    2.14us
  ancestor_path                      cnt=     452300  tot=    0.33s  avg=    0.74us
  _maybe_create_merge_relationships  cnt=      68527  tot=    0.32s  avg=    4.72us
  _process_pending_storage_reads     cnt=          2  tot=    0.25s  avg=125538.75us
  _record_storage_write              cnt=      13784  tot=    0.22s  avg=   16.03us
