001 N01：离线重放完整流程
001：重放第 0 轮 CFG 的唯一标注；反馈状态 audit_passed
002 N02：离线重放完整流程
002：重放第 1 轮 CFG 的唯一标注；反馈状态 audit_passed
003 N03：离线重放完整流程
003：重放第 1 轮 CFG 的唯一标注；反馈状态 audit_passed
004 N04：离线重放完整流程
004：重放第 2 轮 CFG 的唯一标注；反馈状态 audit_passed
005 N05：离线重放完整流程
005：重放第 1 轮 CFG 的唯一标注；反馈状态 audit_passed
006 N06：离线重放完整流程
006：重放第 1 轮 CFG 的唯一标注；反馈状态 audit_passed
007 Q01：离线重放完整流程
007：重放第 1 轮 CFG 的唯一标注；反馈状态 audit_passed
008 Q02：离线重放完整流程
008：重放第 0 轮 CFG 的唯一标注；反馈状态 audit_passed
009 Q03：离线重放完整流程
009：重放第 0 轮 CFG 的唯一标注；反馈状态 audit_passed
010 Q04：离线重放完整流程
010：重放第 1 轮 CFG 的唯一标注；反馈状态 audit_passed
011 Q05：离线重放完整流程
011：重放第 0 轮 CFG 的唯一标注；反馈状态 audit_passed
012 Q06：离线重放完整流程
012：重放第 0 轮 CFG 的唯一标注；反馈状态 audit_passed
013 F01：离线重放完整流程
013：重放第 0 轮 CFG 的唯一标注；反馈状态 audit_passed
014 F02：离线重放完整流程
014：重放第 0 轮 CFG 的唯一标注；反馈状态 audit_passed
015 F03：离线重放完整流程
015：重放第 0 轮 CFG 的唯一标注；反馈状态 audit_passed
016 F04：离线重放完整流程
016：重放第 0 轮 CFG 的唯一标注；反馈状态 audit_passed
017 F05：离线重放完整流程
017：重放第 0 轮 CFG 的唯一标注；反馈状态 audit_passed
018 F06：离线重放完整流程
018：重放第 0 轮 CFG 的唯一标注；反馈状态 audit_passed
019 D01：离线重放完整流程
019：重放第 1 轮 CFG 的唯一标注；反馈状态 audit_passed
020 D02：离线重放完整流程
020：重放第 0 轮 CFG 的唯一标注；反馈状态 audit_passed
021 D03：离线重放完整流程
021：重放第 1 轮 CFG 的唯一标注；反馈状态 audit_passed
022 D04：离线重放完整流程
022：重放第 3 轮 CFG 的唯一标注；反馈状态 audit_passed
023 D05：离线重放完整流程
023：重放第 1 轮 CFG 的唯一标注；反馈状态 audit_passed
024 D06：离线重放完整流程
024：重放第 2 轮 CFG 的唯一标注；反馈状态 audit_passed
025 R01：离线重放完整流程
025：重放第 1 轮 CFG 的唯一标注；反馈状态 audit_passed
026 R02：离线重放完整流程
026：重放第 1 轮 CFG 的唯一标注；反馈状态 audit_error
027 R03：离线重放完整流程
027：重放第 3 轮 CFG 的唯一标注；反馈状态 audit_error
028 R04：离线重放完整流程
028：重放第 0 轮 CFG 的唯一标注；反馈状态 audit_error
029 R05：离线重放完整流程
029：重放第 1 轮 CFG 的唯一标注；反馈状态 audit_error
030 R06：离线重放完整流程
030：重放第 1 轮 CFG 的唯一标注；反馈状态 audit_error
